http://31.14.252.92:8777/3ccef2zvzk4pcnokaijcnp6ywxuxum7vhdrtc5n7qzgzj3evgzy572evq4/v.mp4;season-5_episode-24_The One in Vegas: Part 2                    (.mp4
http://31.14.252.92:8777/3ccef2zvzk4pcnokaijcnp6ywxuxum7vhdrtc5n7qzgzj3evgzy552evq4/v.mp4;season-5_episode-24_The One in Vegas: Part 2.mp4
http://31.14.252.91:8777/22cej5zvzk4pcnokalespze4wca4limvpebdavfwwhxvucab7ypstf4ow4/v.mp4;season-5_episode-23_The One in Vegas: Part 1.mp4
http://31.14.252.92:8777/3ccef4bvzk4pcnokaijcnnob4t2y7ee2qwnuwettakaqmnso37o3tyetjm/v.mp4;season-5_episode-22_The One with Joey's Big Break.mp4
http://77.81.98.226:8777/ngceffxaeg4pcnokalesp3o46wwrlb7hllbk2sth4drgqxc56vzluo2bfe/v.mp4;season-5_episode-21_The One with the Ball.mp4
http://31.14.252.92:8777/3ccefqzvzk4pcnokaijcnzg7wmntopidhlm7rdxdios6ui5wxiuopblq54/v.mp4;season-5_episode-20_The One with the Ride Along.mp4
http://77.81.98.230:8777/mwcehqbvzk4pcnokaijcn3gd5xxh7vd3ojscgqrpu2yp2yu5lft3qwspxm/v.mp4;season-5_episode-19_The One Where Ross Can't Flirt.mp4
http://31.14.252.92:8777/3ccefszvzk4pcnokaijcn4ggw6cbazibyfp4qybdz47vhry7y5rz6qeuda/v.mp4;season-5_episode-18_The One Where Rachel Smokes.mp4
http://91.207.102.131:8777/owceaenxeg4pcnokal3sp5wo5wvfydlsaujnajwqd7vyhxxt5mbrdd6vpa/v.mp4;season-5_episode-17_The One with Rachel's Inadvertent Kiss.mp4
http://31.14.252.92:8777/3ccefwrvzk4pcnokaijcn7gv53yy73sffgxq7ubuyvv6uibnbds5hmmz7e/v.mp4;season-5_episode-16_The One with the Cop.mp4
http://31.14.252.92:8777/3ccefijvzk4pcnokaijcnm454n3w2twgmbet7gvnxzoxanjqqdhepm2vlm/v.mp4;season-5_episode-15_The One with the Girl Who Hits Joey.mp4
http://91.207.102.134:8777/mocebeksno4pcnokai3cfnwd5enner22xeepdux4fbsjvxujvwcp7d646y/v.mp4;season-5_episode-14_The One Where Everybody Finds Out.mp4
http://91.195.99.68:8777/b2cebmjvzk4pcnokalschp426sy2oltp6yymy7kwzdmhohxdcw2vbsahf4/v.mp4;season-5_episode-13_The One with Joey's Bag.mp4
http://91.195.99.68:8777/b2cebpjvzk4pcnokalschnoe5y3umyg6qzxaetqkdk2bamsdn4tk6v6jma/v.mp4;season-5_episode-12_The One with Chandler's Work Laugh.mp4
http://31.14.252.91:8777/22ceir5xeg4pcnokal3sp36p6zqdeijkzcqovzlw4zwawcjhoktufhs3wi/v.mp4;season-5_episode-11_The One with All the Resolutions.mp4
http://77.81.98.229:8777/m2cea7nxeg4pcnokal3sp2gk5zzgyiiteaktpcfhdcuvur2pkl6soszeyu/v.mp4;season-5_episode-10_The One with the Inappropriate Sister.mp4
http://77.81.98.228:8777/nwcelcrvzk4pcnokajfsdz6j7ggrorjdsry5wqb34jdhclzs6vyovpmrle/v.mp4;season-5_episode-9_The One with Ross's Sandwich.mp4
http://91.195.99.68:8777/b2cebezvzk4pcnokalsch5wl5zao4ypn635zgxfjxltdxmixyhxcphc7im/v.mp4;season-5_episode-8_The One with the Thanksgiving Flashbacks.mp4
http://77.81.98.230:8777/mkcebhrvzk4pcnokalsch2444pxq3rdhi4apugepjhesmeqjpr4ytiwbiu/v.mp4;season-5_episode-7_The One Where Ross Moves In.mp4
http://91.207.102.133:8777/p6cebgrvzk4pcnokalsch3wv66zxvsatjnrii2muqruni74o5esxsjywtu/v.mp4;season-5_episode-6_The One with the Yeti.mp4
http://91.207.102.133:8777/p6ceazj2zk4pcnokalsch3o3w4ng2qu5l2xfitp357pqefvkbtsdedzxeu/v.mp4;season-5_episode-5_The One with the Kips.mp4
http://91.207.102.133:8777/p6cea3j2zk4pcnokalsch7ev7lhf5oszxkdth3xi4fpdvcjjicqiqze3ue/v.mp4;season-5_episode-4_The One Where Phoebe Hates PBS.mp4
http://31.14.252.92:8777/yoces4r2zk4pcnokaijcnygu5t22p4d2nea3btllcgwmudeuq6s34jwmn4/v.mp4;season-5_episode-3_The One Hundredth.mp4
http://91.207.102.133:8777/p6ceagnneg4pcnokal2cp4w56ct67j6set3houjt2edrmuxf4bbjoqo45i/v.mp4;season-5_episode-2_The One with All the Kissing.mp4
http://91.207.102.133:8777/p6cea6b2zk4pcnokalschz657b4yrcmhztjzkvipzg4sz5ebcddklta6ae/v.mp4;season-5_episode-1_The One After Ross Says Rachel.mp4
