http://91.195.99.68:8777/b2cebgruzk4pcnokalqsh3446pyc676mbnyqxgcw72b4e2qvz3wqxoe3m4/v.mp4;season-4_episode-24_The One with Ross's Wedding: Part Two.mp4
http://31.14.252.94:8777/z2ceiyrvzk4pcnokalqshze566h3mgmw3ql4o5plb7p5wl6drral4fiaqe/v.mp4;season-4_episode-23_The One with Ross's Wedding: Part One.mp4
http://91.195.99.68:8777/b2cea3rvzk4pcnokalqshzod4nhgyeaq57izwvo6an7zw2cmv6ii7gygnm/v.mp4;season-4_episode-22_The One with the Worst Best Man Ever.mp4
http://91.195.99.68:8777/b2cea2rvzk4pcnokalqsh4oawbxarirwqnby27junh62as4yscqwzfwd6q/v.mp4;season-4_episode-21_The One with the Invitation.mp4
http://91.195.99.66:8777/i6ceg5bvzk4pcnokajfsdyo7xewd3upe2tdsz3ajzhaq3xprdqhgkby764/v.mp4;season-4_episode-20_The One with All the Wedding Dresses.mp4
http://31.14.252.94:8777/zcceerzvzk4pcnokalqsh36v62ct3xf2qqfyzh3s6pweo6iaiqmpprx2ve/v.mp4;season-4_episode-19_The One with All the Haste.mp4
http://77.81.98.228:8777/mccebqfmeg4pcnokal2cp2gl7fz5pkdyb7k2hm72s5rea6z63er7sochxu/v.mp4;season-4_episode-18_The One with Rachel's New Dress.mp4
http://91.195.99.66:8777/i6cegsbvzk4pcnokajfsdywl56vggevns4rivdlqypfumsrzkgbvgt5wim/v.mp4;season-4_episode-17_The One with the Free Porn.mp4
http://31.14.252.94:8777/zgcegvrvzk4pcnokajfsd34u5q22alfpt57h7q5e2t5xidlgc3u5pzd7jq/v.mp4;season-4_episode-16_The One with the Fake Party.mp4
http://77.81.98.226:8777/nkcehhi6n24pcnokaissh7gc7kjnxakk4y56253qs6yy4g5ep253wth6ly/v.mp4;season-4_episode-15_The One with All the Rugby.mp4
http://91.195.99.66:8777/i2ceeubvzk4pcnokalqshnoy5yvy2pjhb6fb3k64bcmg2wexxz44f7c3gq/v.mp4;season-4_episode-14_The One with Joey's Dirty Day.mp4
http://31.14.252.93:8777/yccefb3ioo4pcnokakosh4wcwq5y6easgmlljejimhhj4vmhnupriompii/v.mp4;season-4_episode-13_The One with Rachel's Crush.mp4
http://91.195.99.68:8777/b2cebhq6n24pcnokakych3wg5ooav7aqliqvhn2jqt5a5ptjryifqw75pi/v.mp4;season-4_episode-12_The One with the Embryos.mp4
http://91.195.99.67:8777/o2celhy6n24pcnokakych746xcgqm3ujjjsjp3mfxstzmm52gvo6oykftq/v.mp4;season-4_episode-11_The One with Phoebe's Uterus.mp4
http://31.14.252.94:8777/zkceanzvzk4pcnokalqshyw3wkibfavri4gwpaea6chiph6jaud35au2dm/v.mp4;season-4_episode-10_The One with the Girl from Poughkeepsie.mp4
http://77.81.98.230:8777/msceeul7e64pcnokaihsb2oc47kk2cpsfzx2jtniy4t4pdnv5kdiys4wvy/v.mp4;season-4_episode-9_The One Where They're Going to Party!.mp4
http://91.195.99.66:8777/i6cegmjvzk4pcnokajfsd2wh5onwmjhn6a663syhxuzbq37qeilzgumm2q/v.mp4;season-4_episode-8_The One with Chandler in a Box.mp4
http://77.81.98.229:8777/m2ceaqnmeg4pcnokal2cpmg57bnhngofd2aql5jglqtlzn6tsb6xl5uyla/v.mp4;season-4_episode-7_The One Where Chandler Crosses the Line.mp4
http://91.195.99.66:8777/i6cegazvzk4pcnokajfsdnwi6kh23cfffgzdggr7haedu4fteom2vqh33q/v.mp4;season-4_episode-6_The One with the Dirty Girl.mp4
http://91.207.102.98:8777/ggcea3fmeg4pcnokal2cp5mz44fpy3uberkkpncfynlx2fqo4hrrlm75xa/v.mp4;season-4_episode-5_The One with Joey's New Girlfriend.mp4
http://77.81.98.229:8777/m2cebmlioo4pcnokakosh46247qsfh7wnc6jx6mnjakhcijkuazdpghote/v.mp4;season-4_episode-4_The One with the Ballroom Dancing.mp4
http://91.195.99.66:8777/i6ceghbvzk4pcnokajfsdym44qasr3t63yz5j6ax7xkjprwq44w7fn5tqe/v.mp4;season-4_episode-3_The One with the 'Cuffs.mp4
http://31.14.252.70:8777/6kcebzrvzk4pcnokalqshmg47d6ictwkyuzdpqczgodw4b5hprxkpmbdti/v.mp4;season-4_episode-2_The One with the Cat.mp4
http://31.14.252.92:8777/3gcehybvzk4pcnokaijcn5op4ncixsdugg4ujjkhrwysce4mi4inwmd3mi/v.mp4;season-4_episode-1_The One with the Jellyfish.mp4
